MPLINK 4.42, Linker
Linker Map File - Created Mon Oct 09 15:33:27 2023

                                 Section Info
                  Section       Type    Address   Location Size(Bytes)
                ---------  ---------  ---------  ---------  ---------
                   .org_0       code   0x000000    program   0x000000
                   .org_1       code   0x000000    program   0x00003c



                              Program Memory Usage 
                               Start         End      
                           ---------   ---------      
                            0x000000    0x00001d      
            30 out of 8455 program addresses used, program memory utilization is 0%



                              Symbols - Sorted by Name
                     Name    Address   Location    Storage File                     
                ---------  ---------  ---------  --------- ---------                
                   INICIO   0x000001    program     static C:\Users\Nacho Andrade\Desktop\Ingeniería en electrónica y computación\6to_semestre\Microcontroladores\PRACTICA_4\PRACTICA_4.ASM
                     LEER   0x000008    program     static C:\Users\Nacho Andrade\Desktop\Ingeniería en electrónica y computación\6to_semestre\Microcontroladores\PRACTICA_4\PRACTICA_4.ASM
                      MAL   0x000015    program     static C:\Users\Nacho Andrade\Desktop\Ingeniería en electrónica y computación\6to_semestre\Microcontroladores\PRACTICA_4\PRACTICA_4.ASM



                              Symbols - Sorted by Address
                     Name    Address   Location    Storage File                     
                ---------  ---------  ---------  --------- ---------                
                   INICIO   0x000001    program     static C:\Users\Nacho Andrade\Desktop\Ingeniería en electrónica y computación\6to_semestre\Microcontroladores\PRACTICA_4\PRACTICA_4.ASM
                     LEER   0x000008    program     static C:\Users\Nacho Andrade\Desktop\Ingeniería en electrónica y computación\6to_semestre\Microcontroladores\PRACTICA_4\PRACTICA_4.ASM
                      MAL   0x000015    program     static C:\Users\Nacho Andrade\Desktop\Ingeniería en electrónica y computación\6to_semestre\Microcontroladores\PRACTICA_4\PRACTICA_4.ASM


