MPLINK 4.42, Linker
Linker Map File - Created Mon Nov 27 13:58:56 2023

                                 Section Info
                  Section       Type    Address   Location Size(Bytes)
                ---------  ---------  ---------  ---------  ---------
                   .org_0       code   0x000000    program   0x000000
                   .org_1       code   0x000000    program   0x0000d0



                              Program Memory Usage 
                               Start         End      
                           ---------   ---------      
                            0x000000    0x000067      
            104 out of 8455 program addresses used, program memory utilization is 1%



                              Symbols - Sorted by Name
                     Name    Address   Location    Storage File                     
                ---------  ---------  ---------  --------- ---------                
                   APAGAR   0x00003c    program     static C:\Users\Nacho Andrade\Desktop\Ingeniería en electrónica y computación\6to_semestre\Microcontroladores\PRACTICA_10\PRACTICA_10.ASM
                     AQUI   0x000063    program     static C:\Users\Nacho Andrade\Desktop\Ingeniería en electrónica y computación\6to_semestre\Microcontroladores\PRACTICA_10\PRACTICA_10.ASM
                    AQUI2   0x000058    program     static C:\Users\Nacho Andrade\Desktop\Ingeniería en electrónica y computación\6to_semestre\Microcontroladores\PRACTICA_10\PRACTICA_10.ASM
                   BUZZER   0x00003f    program     static C:\Users\Nacho Andrade\Desktop\Ingeniería en electrónica y computación\6to_semestre\Microcontroladores\PRACTICA_10\PRACTICA_10.ASM
                      ESO   0x000041    program     static C:\Users\Nacho Andrade\Desktop\Ingeniería en electrónica y computación\6to_semestre\Microcontroladores\PRACTICA_10\PRACTICA_10.ASM
                   INICIO   0x000001    program     static C:\Users\Nacho Andrade\Desktop\Ingeniería en electrónica y computación\6to_semestre\Microcontroladores\PRACTICA_10\PRACTICA_10.ASM
                     LEER   0x00000a    program     static C:\Users\Nacho Andrade\Desktop\Ingeniería en electrónica y computación\6to_semestre\Microcontroladores\PRACTICA_10\PRACTICA_10.ASM
                    LEER2   0x000011    program     static C:\Users\Nacho Andrade\Desktop\Ingeniería en electrónica y computación\6to_semestre\Microcontroladores\PRACTICA_10\PRACTICA_10.ASM
                    LEER3   0x000018    program     static C:\Users\Nacho Andrade\Desktop\Ingeniería en electrónica y computación\6to_semestre\Microcontroladores\PRACTICA_10\PRACTICA_10.ASM
                     TIME   0x00005f    program     static C:\Users\Nacho Andrade\Desktop\Ingeniería en electrónica y computación\6to_semestre\Microcontroladores\PRACTICA_10\PRACTICA_10.ASM
                    TIME2   0x000052    program     static C:\Users\Nacho Andrade\Desktop\Ingeniería en electrónica y computación\6to_semestre\Microcontroladores\PRACTICA_10\PRACTICA_10.ASM
                  VUELTA1   0x000048    program     static C:\Users\Nacho Andrade\Desktop\Ingeniería en electrónica y computación\6to_semestre\Microcontroladores\PRACTICA_10\PRACTICA_10.ASM
                  VUELTAS   0x00001f    program     static C:\Users\Nacho Andrade\Desktop\Ingeniería en electrónica y computación\6to_semestre\Microcontroladores\PRACTICA_10\PRACTICA_10.ASM



                              Symbols - Sorted by Address
                     Name    Address   Location    Storage File                     
                ---------  ---------  ---------  --------- ---------                
                   INICIO   0x000001    program     static C:\Users\Nacho Andrade\Desktop\Ingeniería en electrónica y computación\6to_semestre\Microcontroladores\PRACTICA_10\PRACTICA_10.ASM
                     LEER   0x00000a    program     static C:\Users\Nacho Andrade\Desktop\Ingeniería en electrónica y computación\6to_semestre\Microcontroladores\PRACTICA_10\PRACTICA_10.ASM
                    LEER2   0x000011    program     static C:\Users\Nacho Andrade\Desktop\Ingeniería en electrónica y computación\6to_semestre\Microcontroladores\PRACTICA_10\PRACTICA_10.ASM
                    LEER3   0x000018    program     static C:\Users\Nacho Andrade\Desktop\Ingeniería en electrónica y computación\6to_semestre\Microcontroladores\PRACTICA_10\PRACTICA_10.ASM
                  VUELTAS   0x00001f    program     static C:\Users\Nacho Andrade\Desktop\Ingeniería en electrónica y computación\6to_semestre\Microcontroladores\PRACTICA_10\PRACTICA_10.ASM
                   APAGAR   0x00003c    program     static C:\Users\Nacho Andrade\Desktop\Ingeniería en electrónica y computación\6to_semestre\Microcontroladores\PRACTICA_10\PRACTICA_10.ASM
                   BUZZER   0x00003f    program     static C:\Users\Nacho Andrade\Desktop\Ingeniería en electrónica y computación\6to_semestre\Microcontroladores\PRACTICA_10\PRACTICA_10.ASM
                      ESO   0x000041    program     static C:\Users\Nacho Andrade\Desktop\Ingeniería en electrónica y computación\6to_semestre\Microcontroladores\PRACTICA_10\PRACTICA_10.ASM
                  VUELTA1   0x000048    program     static C:\Users\Nacho Andrade\Desktop\Ingeniería en electrónica y computación\6to_semestre\Microcontroladores\PRACTICA_10\PRACTICA_10.ASM
                    TIME2   0x000052    program     static C:\Users\Nacho Andrade\Desktop\Ingeniería en electrónica y computación\6to_semestre\Microcontroladores\PRACTICA_10\PRACTICA_10.ASM
                    AQUI2   0x000058    program     static C:\Users\Nacho Andrade\Desktop\Ingeniería en electrónica y computación\6to_semestre\Microcontroladores\PRACTICA_10\PRACTICA_10.ASM
                     TIME   0x00005f    program     static C:\Users\Nacho Andrade\Desktop\Ingeniería en electrónica y computación\6to_semestre\Microcontroladores\PRACTICA_10\PRACTICA_10.ASM
                     AQUI   0x000063    program     static C:\Users\Nacho Andrade\Desktop\Ingeniería en electrónica y computación\6to_semestre\Microcontroladores\PRACTICA_10\PRACTICA_10.ASM


