MPLINK 4.42, Linker
Linker Map File - Created Mon Nov 06 15:35:29 2023

                                 Section Info
                  Section       Type    Address   Location Size(Bytes)
                ---------  ---------  ---------  ---------  ---------
                   .org_0       code   0x000000    program   0x000078
                   .cinit    romdata   0x00003c    program   0x000004



                              Program Memory Usage 
                               Start         End      
                           ---------   ---------      
                            0x000000    0x00003d      
            62 out of 8455 program addresses used, program memory utilization is 0%



                              Symbols - Sorted by Name
                     Name    Address   Location    Storage File                     
                ---------  ---------  ---------  --------- ---------                
                   APAGAR   0x000026    program     static C:\Users\Nacho Andrade\Desktop\Ingeniería en electrónica y computación\6to_semestre\Microcontroladores\practica6\practica6.asm
                     AQUI   0x000035    program     static C:\Users\Nacho Andrade\Desktop\Ingeniería en electrónica y computación\6to_semestre\Microcontroladores\practica6\practica6.asm
                 ENCENDER   0x000012    program     static C:\Users\Nacho Andrade\Desktop\Ingeniería en electrónica y computación\6to_semestre\Microcontroladores\practica6\practica6.asm
                ENCENDER2   0x00001c    program     static C:\Users\Nacho Andrade\Desktop\Ingeniería en electrónica y computación\6to_semestre\Microcontroladores\practica6\practica6.asm
                   INICIO   0x000001    program     static C:\Users\Nacho Andrade\Desktop\Ingeniería en electrónica y computación\6to_semestre\Microcontroladores\practica6\practica6.asm
                     LEER   0x000008    program     static C:\Users\Nacho Andrade\Desktop\Ingeniería en electrónica y computación\6to_semestre\Microcontroladores\practica6\practica6.asm
                    LEER2   0x00000d    program     static C:\Users\Nacho Andrade\Desktop\Ingeniería en electrónica y computación\6to_semestre\Microcontroladores\practica6\practica6.asm
                     TIME   0x00002f    program     static C:\Users\Nacho Andrade\Desktop\Ingeniería en electrónica y computación\6to_semestre\Microcontroladores\practica6\practica6.asm



                              Symbols - Sorted by Address
                     Name    Address   Location    Storage File                     
                ---------  ---------  ---------  --------- ---------                
                   INICIO   0x000001    program     static C:\Users\Nacho Andrade\Desktop\Ingeniería en electrónica y computación\6to_semestre\Microcontroladores\practica6\practica6.asm
                     LEER   0x000008    program     static C:\Users\Nacho Andrade\Desktop\Ingeniería en electrónica y computación\6to_semestre\Microcontroladores\practica6\practica6.asm
                    LEER2   0x00000d    program     static C:\Users\Nacho Andrade\Desktop\Ingeniería en electrónica y computación\6to_semestre\Microcontroladores\practica6\practica6.asm
                 ENCENDER   0x000012    program     static C:\Users\Nacho Andrade\Desktop\Ingeniería en electrónica y computación\6to_semestre\Microcontroladores\practica6\practica6.asm
                ENCENDER2   0x00001c    program     static C:\Users\Nacho Andrade\Desktop\Ingeniería en electrónica y computación\6to_semestre\Microcontroladores\practica6\practica6.asm
                   APAGAR   0x000026    program     static C:\Users\Nacho Andrade\Desktop\Ingeniería en electrónica y computación\6to_semestre\Microcontroladores\practica6\practica6.asm
                     TIME   0x00002f    program     static C:\Users\Nacho Andrade\Desktop\Ingeniería en electrónica y computación\6to_semestre\Microcontroladores\practica6\practica6.asm
                     AQUI   0x000035    program     static C:\Users\Nacho Andrade\Desktop\Ingeniería en electrónica y computación\6to_semestre\Microcontroladores\practica6\practica6.asm


