MPASM  5.44                    PRACTICA_7.ASM   11-6-2023  14:14:44         PAGE  1


LOC  OBJECT CODE     LINE SOURCE TEXT
  VALUE

                      00001 ;PRÁCTICA 7. CONTADOR DEL 0 A F
                      00002 ;REALICE UN PROGRAMA PARA EL PIC16F887 
                      00003 ;CON EL PUERTO A CONFIGURADO COMO ENTRADA DIGITAL 
                      00004 ;Y UN BIT DEL PUERTO B COMO SALIDA, 
                      00005 ;CUANDO SE ACTIVE UN BIT DEL PUERTO A, 
                      00006 ;A TRAVÉS DEL PUERTO B SE DEBERÁN MOSTRAR LOS NÚMEROS DEL 0 AL F 
                      00007 ;EN EL DISPLAY, SI EL BIT DE ACTIVACIÓN DE APAGA, 
                      00008 ;DE INMEDIATO EL DISPLAY SE APAGARÁ. EL PROGRAMA SERÁ CÍCLICO.
                      00009 ;ANDRADE SALAZAR IGNACIO
                      00010 ;ORTIZ JIMENEZ VLADIMIR
                      00011 ;GUERRERO SANTANA EDGAR GEOVANNY
                      00012 ;FECHA: 30/10/2023
                      00013 
                      00014 
                      00015         LIST P=16F887           ;ELEGIR EL PIC
                      00016                         INCLUDE "P16F887.INC"   ;CARGA LA LIBRERIA DEL PIC
                      00001         LIST
                      00002 
                      00003 ;==========================================================================
                      00004 ;  MPASM PIC16F887 processor include
                      00005 ; 
                      00006 ;  (c) Copyright 1999-2012 Microchip Technology, All rights reserved
                      00007 ;==========================================================================
                      00008 
                      00809         LIST
  00000020            00017 R0      EQU     0X20
  00000021            00018 R1      EQU     0X21
  00000022            00019 R2      EQU     0X22
0000                  00020                         ORG     0X00            ;INDICA EL ORIGEN DEL PROG
0000   2801           00021                         GOTO    INICIO          ;SALTAR A LA ETIQUETA INICIO
0001                  00022 INICIO
0001   1683           00023                         BSF     STATUS,RP0      ;PONE EN 1 RP0 DEL STATUS
0002   1703           00024                         BSF     STATUS,RP1      ;PONE EN 1 RP1 DEL STATUS
                      00025                         ;ESTAS DOS INSTRUCCIONES NOS MANDADN AL BANCO 3
0003   0186           00026                         CLRF    PORTB           ;PORTA COMO IN/OUT DIGITAL
Message[302]: Register in operand not in bank 0.  Ensure that bank bits are correct.
0004   0188           00027                         CLRF    ANSEL           ;PORTB COMO IN/OUT DIGITAL
Message[302]: Register in operand not in bank 0.  Ensure that bank bits are correct.
0005   0189           00028                         CLRF    ANSELH          ;PORTB CONFIGURADO COMO OUT
0006   1283           00029                         BCF     STATUS,RP0      ;PONE EN 0 RP0 DEL STATUS
0007   1303           00030                         BCF     STATUS,RP1      ;PONE EN 0 RP1 DEL STATUS                               
                                                                    
                      00031                         ;MANDAN AL BANCO 0
                      00032 
0008   2088           00033 SELECT0         CALL            LEER
0009   1D03           00034                         BTFSS           STATUS,Z        ;CHECAR SI BIT Z = 1, DATO CORRECTO
000A   2848           00035                         GOTO    ENCENDER0
000B   288B           00036                         GOTO    APAGAR
000C   2088           00037 SELECT1         CALL            LEER
000D   1D03           00038                         BTFSS           STATUS,Z        ;CHECAR SI BIT Z = 1, DATO CORRECTO
000E   284C           00039                         GOTO    ENCENDER1
000F   288B           00040                         GOTO    APAGAR
0010   2088           00041 SELECT2         CALL            LEER
MPASM  5.44                    PRACTICA_7.ASM   11-6-2023  14:14:44         PAGE  2


LOC  OBJECT CODE     LINE SOURCE TEXT
  VALUE

0011   1D03           00042                         BTFSS           STATUS,Z        ;CHECAR SI BIT Z = 1, DATO CORRECTO
0012   2850           00043                         GOTO    ENCENDER2
0013   288B           00044                         GOTO    APAGAR
0014   2088           00045 SELECT3         CALL            LEER
0015   1D03           00046                         BTFSS           STATUS,Z        ;CHECAR SI BIT Z = 1, DATO CORRECTO
0016   2854           00047                         GOTO    ENCENDER3
0017   288B           00048                         GOTO    APAGAR
0018   2088           00049 SELECT4         CALL            LEER
0019   1D03           00050                         BTFSS           STATUS,Z        ;CHECAR SI BIT Z = 1, DATO CORRECTO
001A   2858           00051                         GOTO    ENCENDER4
001B   288B           00052                         GOTO    APAGAR
001C   2088           00053 SELECT5         CALL            LEER
001D   1D03           00054                         BTFSS           STATUS,Z        ;CHECAR SI BIT Z = 1, DATO CORRECTO
001E   285C           00055                         GOTO    ENCENDER5
001F   288B           00056                         GOTO    APAGAR
0020   2088           00057 SELECT6         CALL            LEER
0021   1D03           00058                         BTFSS           STATUS,Z        ;CHECAR SI BIT Z = 1, DATO CORRECTO
0022   2860           00059                         GOTO    ENCENDER6
0023   288B           00060                         GOTO    APAGAR
0024   2088           00061 SELECT7         CALL            LEER
0025   1D03           00062                         BTFSS           STATUS,Z        ;CHECAR SI BIT Z = 1, DATO CORRECTO
0026   2864           00063                         GOTO    ENCENDER7
0027   288B           00064                         GOTO    APAGAR
0028   2088           00065 SELECT8         CALL            LEER
0029   1D03           00066                         BTFSS           STATUS,Z        ;CHECAR SI BIT Z = 1, DATO CORRECTO
002A   2868           00067                         GOTO    ENCENDER8
002B   288B           00068                         GOTO    APAGAR
002C   2088           00069 SELECT9         CALL            LEER
002D   1D03           00070                         BTFSS           STATUS,Z        ;CHECAR SI BIT Z = 1, DATO CORRECTO
002E   286C           00071                         GOTO    ENCENDER9
002F   288B           00072                         GOTO    APAGAR
0030   2088           00073 SELECTA         CALL            LEER
0031   1D03           00074                         BTFSS           STATUS,Z        ;CHECAR SI BIT Z = 1, DATO CORRECTO
0032   2870           00075                         GOTO    ENCENDERA
0033   288B           00076                         GOTO    APAGAR
0034   2088           00077 SELECTb         CALL            LEER
0035   1D03           00078                         BTFSS           STATUS,Z        ;CHECAR SI BIT Z = 1, DATO CORRECTO
0036   2874           00079                         GOTO    ENCENDERb
0037   288B           00080                         GOTO    APAGAR
0038   2088           00081 SELECTC         CALL            LEER
0039   1D03           00082                         BTFSS           STATUS,Z        ;CHECAR SI BIT Z = 1, DATO CORRECTO
003A   2878           00083                         GOTO    ENCENDERC
003B   288B           00084                         GOTO    APAGAR
003C   2088           00085 SELECTd         CALL            LEER
003D   1D03           00086                         BTFSS           STATUS,Z        ;CHECAR SI BIT Z = 1, DATO CORRECTO
003E   287C           00087                         GOTO    ENCENDERd
003F   288B           00088                         GOTO    APAGAR
0040   2088           00089 SELECTE         CALL            LEER
0041   1D03           00090                         BTFSS           STATUS,Z        ;CHECAR SI BIT Z = 1, DATO CORRECTO
0042   2880           00091                         GOTO    ENCENDERE
0043   288B           00092                         GOTO    APAGAR
0044   2088           00093 SELECTF         CALL            LEER
0045   1D03           00094                         BTFSS           STATUS,Z        ;CHECAR SI BIT Z = 1, DATO CORRECTO
MPASM  5.44                    PRACTICA_7.ASM   11-6-2023  14:14:44         PAGE  3


LOC  OBJECT CODE     LINE SOURCE TEXT
  VALUE

0046   2884           00095                         GOTO    ENCENDERF
0047   288B           00096                         GOTO    APAGAR
                      00097 
0048   303F           00098 ENCENDER0       MOVLW   B'00111111'     ;0
0049   0086           00099                         MOVWF   PORTB                   
004A   208D           00100                         CALL    TIME
004B   280C           00101                         GOTO    SELECT1
004C   3006           00102 ENCENDER1       MOVLW   B'00000110'     ;1
004D   0086           00103                         MOVWF   PORTB
004E   208D           00104                         CALL    TIME
004F   2810           00105                         GOTO    SELECT2                 
0050   305B           00106 ENCENDER2       MOVLW   B'01011011'     ;2
0051   0086           00107                         MOVWF   PORTB                   
0052   208D           00108                         CALL    TIME
0053   2814           00109                         GOTO    SELECT3 
0054   304F           00110 ENCENDER3       MOVLW   B'01001111'     ;3
0055   0086           00111                         MOVWF   PORTB
0056   208D           00112                         CALL    TIME
0057   2818           00113                         GOTO    SELECT4 
0058   3066           00114 ENCENDER4       MOVLW   B'01100110'     ;4
0059   0086           00115                         MOVWF   PORTB
005A   208D           00116                         CALL    TIME
005B   281C           00117                         GOTO    SELECT5 
005C   306D           00118 ENCENDER5       MOVLW   B'01101101'     ;5
005D   0086           00119                         MOVWF   PORTB
005E   208D           00120                         CALL    TIME
005F   2820           00121                         GOTO    SELECT6 
0060   307D           00122 ENCENDER6       MOVLW   B'01111101'     ;6
0061   0086           00123                         MOVWF   PORTB
0062   208D           00124                         CALL    TIME
0063   2824           00125                         GOTO    SELECT7 
0064   3007           00126 ENCENDER7       MOVLW   B'00000111'     ;7
0065   0086           00127                         MOVWF   PORTB
0066   208D           00128                         CALL    TIME
0067   2828           00129                         GOTO    SELECT8 
0068   307F           00130 ENCENDER8       MOVLW   B'01111111'     ;8
0069   0086           00131                         MOVWF   PORTB
006A   208D           00132                         CALL    TIME
006B   282C           00133                         GOTO    SELECT9 
006C   306F           00134 ENCENDER9       MOVLW   B'01101111'     ;9
006D   0086           00135                         MOVWF   PORTB
006E   208D           00136                         CALL    TIME
006F   2830           00137                         GOTO    SELECTA 
0070   3077           00138 ENCENDERA       MOVLW   B'01110111'     ;A
0071   0086           00139                         MOVWF   PORTB
0072   208D           00140                         CALL    TIME
0073   2834           00141                         GOTO    SELECTb
0074   307C           00142 ENCENDERb   MOVLW       B'01111100'     ;b
0075   0086           00143                         MOVWF   PORTB
0076   208D           00144                         CALL    TIME
0077   2838           00145                         GOTO    SELECTC 
0078   3039           00146 ENCENDERC       MOVLW   B'00111001'     ;C
0079   0086           00147                         MOVWF   PORTB
MPASM  5.44                    PRACTICA_7.ASM   11-6-2023  14:14:44         PAGE  4


LOC  OBJECT CODE     LINE SOURCE TEXT
  VALUE

007A   208D           00148                         CALL    TIME
007B   283C           00149                         GOTO    SELECTd 
007C   305E           00150 ENCENDERd       MOVLW   B'01011110'     ;d
007D   0086           00151                         MOVWF   PORTB
007E   208D           00152                         CALL    TIME
007F   2840           00153                         GOTO    SELECTE
0080   3079           00154 ENCENDERE       MOVLW   B'01111001'     ;E
0081   0086           00155                         MOVWF   PORTB
0082   208D           00156                         CALL    TIME
0083   2844           00157                         GOTO    SELECTF 
0084   3071           00158 ENCENDERF       MOVLW   B'01110001'     ;F
0085   0086           00159                         MOVWF   PORTB
0086   208D           00160                         CALL    TIME
0087   2808           00161                         GOTO    SELECT0                 
                      00162                         
0088   0805           00163 LEER            MOVF            PORTA,W         ;MOVER PORTA -> W       
0089   3A00           00164                         XORLW           0X00            ;HACER LA COMPARACIÓN DE VALORES
008A   0008           00165                         RETURN
                      00166                         
                      00167 
008B   0186           00168 APAGAR          CLRF    PORTB
008C   2808           00169                         GOTO    SELECT0                 
                      00170 
                      00171 
008D   3064           00172 TIME                    MOVLW   .100
008E   00A0           00173                         MOVWF   R0
008F   3032           00174                         MOVLW   .50
0090   00A1           00175                         MOVWF   R1
0091   3002           00176                         MOVLW   .2
0092   00A2           00177                         MOVWF   R2
                      00178 
0093   0BA0           00179 AQUI                    DECFSZ  R0,F
0094   2893           00180                         GOTO    AQUI
0095   0BA1           00181                         DECFSZ  R1,F
0096   2893           00182                         GOTO    AQUI
0097   0BA2           00183                         DECFSZ  R2,F
0098   2893           00184                         GOTO    AQUI
0099   0008           00185                         RETURN
                      00186                         END
MPASM  5.44                    PRACTICA_7.ASM   11-6-2023  14:14:44         PAGE  5


SYMBOL TABLE
  LABEL                             VALUE 

ABDEN                             00000000
ABDOVF                            00000007
ACKDT                             00000005
ACKEN                             00000004
ACKSTAT                           00000006
ADCON0                            0000001F
ADCON1                            0000009F
ADCS0                             00000006
ADCS1                             00000007
ADDEN                             00000003
ADFM                              00000007
ADIE                              00000006
ADIF                              00000006
ADON                              00000000
ADRESH                            0000001E
ADRESL                            0000009E
ANS0                              00000000
ANS1                              00000001
ANS10                             00000002
ANS11                             00000003
ANS12                             00000004
ANS13                             00000005
ANS2                              00000002
ANS3                              00000003
ANS4                              00000004
ANS5                              00000005
ANS6                              00000006
ANS7                              00000007
ANS8                              00000000
ANS9                              00000001
ANSEL                             00000188
ANSELH                            00000189
APAGAR                            0000008B
AQUI                              00000093
BAUDCTL                           00000187
BCLIE                             00000003
BCLIF                             00000003
BF                                00000000
BRG0                              00000000
BRG1                              00000001
BRG10                             00000002
BRG11                             00000003
BRG12                             00000004
BRG13                             00000005
BRG14                             00000006
BRG15                             00000007
BRG16                             00000003
BRG2                              00000002
BRG3                              00000003
BRG4                              00000004
BRG5                              00000005
BRG6                              00000006
BRG7                              00000007
MPASM  5.44                    PRACTICA_7.ASM   11-6-2023  14:14:44         PAGE  6


SYMBOL TABLE
  LABEL                             VALUE 

BRG8                              00000000
BRG9                              00000001
BRGH                              00000002
C                                 00000000
C1CH0                             00000000
C1CH1                             00000001
C1IE                              00000005
C1IF                              00000005
C1OE                              00000005
C1ON                              00000007
C1OUT                             00000006
C1POL                             00000004
C1R                               00000002
C1RSEL                            00000005
C1SEN                             00000005
C2CH0                             00000000
C2CH1                             00000001
C2IE                              00000006
C2IF                              00000006
C2OE                              00000005
C2ON                              00000007
C2OUT                             00000006
C2POL                             00000004
C2R                               00000002
C2REN                             00000004
C2RSEL                            00000004
C2SYNC                            00000000
CCP1CON                           00000017
CCP1IE                            00000002
CCP1IF                            00000002
CCP1M0                            00000000
CCP1M1                            00000001
CCP1M2                            00000002
CCP1M3                            00000003
CCP1X                             00000005
CCP1Y                             00000004
CCP2CON                           0000001D
CCP2IE                            00000000
CCP2IF                            00000000
CCP2M0                            00000000
CCP2M1                            00000001
CCP2M2                            00000002
CCP2M3                            00000003
CCP2X                             00000005
CCP2Y                             00000004
CCPR1                             00000015
CCPR1H                            00000016
CCPR1L                            00000015
CCPR2                             0000001B
CCPR2H                            0000001C
CCPR2L                            0000001B
CHS0                              00000002
CHS1                              00000003
MPASM  5.44                    PRACTICA_7.ASM   11-6-2023  14:14:44         PAGE  7


SYMBOL TABLE
  LABEL                             VALUE 

CHS2                              00000004
CHS3                              00000005
CKE                               00000006
CKP                               00000004
CM1CON0                           00000107
CM2CON0                           00000108
CM2CON1                           00000109
CREN                              00000004
CSRC                              00000007
D                                 00000005
DATA_ADDRESS                      00000005
DC                                00000001
DC1B0                             00000004
DC1B1                             00000005
DC2B0                             00000004
DC2B1                             00000005
D_A                               00000005
D_NOT_A                           00000005
ECCPAS                            0000009C
ECCPAS0                           00000004
ECCPAS1                           00000005
ECCPAS2                           00000006
ECCPASE                           00000007
EEADR                             0000010D
EEADRH                            0000010F
EECON1                            0000018C
EECON2                            0000018D
EEDAT                             0000010C
EEDATA                            0000010C
EEDATH                            0000010E
EEIE                              00000004
EEIF                              00000004
EEPGD                             00000007
ENCENDER0                         00000048
ENCENDER1                         0000004C
ENCENDER2                         00000050
ENCENDER3                         00000054
ENCENDER4                         00000058
ENCENDER5                         0000005C
ENCENDER6                         00000060
ENCENDER7                         00000064
ENCENDER8                         00000068
ENCENDER9                         0000006C
ENCENDERA                         00000070
ENCENDERC                         00000078
ENCENDERE                         00000080
ENCENDERF                         00000084
ENCENDERb                         00000074
ENCENDERd                         0000007C
F                                 00000001
FERR                              00000002
FSR                               00000004
FVREN                             00000000
MPASM  5.44                    PRACTICA_7.ASM   11-6-2023  14:14:44         PAGE  8


SYMBOL TABLE
  LABEL                             VALUE 

GCEN                              00000007
GIE                               00000007
GO                                00000001
GO_DONE                           00000001
GO_NOT_DONE                       00000001
HTS                               00000002
I2C_DATA                          00000005
I2C_READ                          00000002
I2C_START                         00000003
I2C_STOP                          00000004
INDF                              00000000
INICIO                            00000001
INTCON                            0000000B
INTE                              00000004
INTEDG                            00000006
INTF                              00000001
IOCB                              00000096
IOCB0                             00000000
IOCB1                             00000001
IOCB2                             00000002
IOCB3                             00000003
IOCB4                             00000004
IOCB5                             00000005
IOCB6                             00000006
IOCB7                             00000007
IRCF0                             00000004
IRCF1                             00000005
IRCF2                             00000006
IRP                               00000007
LEER                              00000088
LTS                               00000001
MC1OUT                            00000007
MC2OUT                            00000006
MSK                               00000093
MSK0                              00000000
MSK1                              00000001
MSK2                              00000002
MSK3                              00000003
MSK4                              00000004
MSK5                              00000005
MSK6                              00000006
MSK7                              00000007
NOT_A                             00000005
NOT_ADDRESS                       00000005
NOT_BO                            00000000
NOT_BOR                           00000000
NOT_DONE                          00000001
NOT_PD                            00000003
NOT_POR                           00000001
NOT_RBPU                          00000007
NOT_RC8                           00000006
NOT_T1SYNC                        00000002
NOT_TO                            00000004
MPASM  5.44                    PRACTICA_7.ASM   11-6-2023  14:14:44         PAGE  9


SYMBOL TABLE
  LABEL                             VALUE 

NOT_TX8                           00000006
NOT_W                             00000002
NOT_WRITE                         00000002
OERR                              00000001
OPTION_REG                        00000081
OSCCON                            0000008F
OSCTUNE                           00000090
OSFIE                             00000007
OSFIF                             00000007
OSTS                              00000003
P                                 00000004
P1M0                              00000006
P1M1                              00000007
PCL                               00000002
PCLATH                            0000000A
PCON                              0000008E
PDC0                              00000000
PDC1                              00000001
PDC2                              00000002
PDC3                              00000003
PDC4                              00000004
PDC5                              00000005
PDC6                              00000006
PEIE                              00000006
PEN                               00000002
PIE1                              0000008C
PIE2                              0000008D
PIR1                              0000000C
PIR2                              0000000D
PORTA                             00000005
PORTB                             00000006
PORTC                             00000007
PORTD                             00000008
PORTE                             00000009
PR2                               00000092
PRSEN                             00000007
PS0                               00000000
PS1                               00000001
PS2                               00000002
PSA                               00000003
PSSAC0                            00000002
PSSAC1                            00000003
PSSBD0                            00000000
PSSBD1                            00000001
PSTRCON                           0000009D
PULSR                             00000002
PULSS                             00000003
PWM1CON                           0000009B
R                                 00000002
R0                                00000020
R1                                00000021
R2                                00000022
RA0                               00000000
MPASM  5.44                    PRACTICA_7.ASM   11-6-2023  14:14:44         PAGE 10


SYMBOL TABLE
  LABEL                             VALUE 

RA1                               00000001
RA2                               00000002
RA3                               00000003
RA4                               00000004
RA5                               00000005
RA6                               00000006
RA7                               00000007
RB0                               00000000
RB1                               00000001
RB2                               00000002
RB3                               00000003
RB4                               00000004
RB5                               00000005
RB6                               00000006
RB7                               00000007
RBIE                              00000003
RBIF                              00000000
RC0                               00000000
RC1                               00000001
RC2                               00000002
RC3                               00000003
RC4                               00000004
RC5                               00000005
RC6                               00000006
RC7                               00000007
RC8_9                             00000006
RC9                               00000006
RCD8                              00000000
RCEN                              00000003
RCIDL                             00000006
RCIE                              00000005
RCIF                              00000005
RCREG                             0000001A
RCSTA                             00000018
RD                                00000000
RD0                               00000000
RD1                               00000001
RD2                               00000002
RD3                               00000003
RD4                               00000004
RD5                               00000005
RD6                               00000006
RD7                               00000007
RE0                               00000000
RE1                               00000001
RE2                               00000002
RE3                               00000003
READ_WRITE                        00000002
RP0                               00000005
RP1                               00000006
RSEN                              00000001
RX9                               00000006
RX9D                              00000000
MPASM  5.44                    PRACTICA_7.ASM   11-6-2023  14:14:44         PAGE 11


SYMBOL TABLE
  LABEL                             VALUE 

R_NOT_W                           00000002
R_W                               00000002
S                                 00000003
SBOREN                            00000004
SCKP                              00000004
SCS                               00000000
SELECT0                           00000008
SELECT1                           0000000C
SELECT2                           00000010
SELECT3                           00000014
SELECT4                           00000018
SELECT5                           0000001C
SELECT6                           00000020
SELECT7                           00000024
SELECT8                           00000028
SELECT9                           0000002C
SELECTA                           00000030
SELECTC                           00000038
SELECTE                           00000040
SELECTF                           00000044
SELECTb                           00000034
SELECTd                           0000003C
SEN                               00000000
SENDB                             00000003
SMP                               00000007
SPBRG                             00000099
SPBRGH                            0000009A
SPEN                              00000007
SR0                               00000006
SR1                               00000007
SRCON                             00000185
SREN                              00000005
SSPADD                            00000093
SSPBUF                            00000013
SSPCON                            00000014
SSPCON2                           00000091
SSPEN                             00000005
SSPIE                             00000003
SSPIF                             00000003
SSPM0                             00000000
SSPM1                             00000001
SSPM2                             00000002
SSPM3                             00000003
SSPMSK                            00000093
SSPOV                             00000006
SSPSTAT                           00000094
STATUS                            00000003
STRA                              00000000
STRB                              00000001
STRC                              00000002
STRD                              00000003
STRSYNC                           00000004
SWDTEN                            00000000
MPASM  5.44                    PRACTICA_7.ASM   11-6-2023  14:14:44         PAGE 12


SYMBOL TABLE
  LABEL                             VALUE 

SYNC                              00000004
T0CS                              00000005
T0IE                              00000005
T0IF                              00000002
T0SE                              00000004
T1CKPS0                           00000004
T1CKPS1                           00000005
T1CON                             00000010
T1GINV                            00000007
T1GIV                             00000007
T1GSS                             00000001
T1INSYNC                          00000002
T1OSCEN                           00000003
T1SYNC                            00000002
T2CKPS0                           00000000
T2CKPS1                           00000001
T2CON                             00000012
TIME                              0000008D
TMR0                              00000001
TMR0IE                            00000005
TMR0IF                            00000002
TMR1                              0000000E
TMR1CS                            00000001
TMR1GE                            00000006
TMR1H                             0000000F
TMR1IE                            00000000
TMR1IF                            00000000
TMR1L                             0000000E
TMR1ON                            00000000
TMR2                              00000011
TMR2IE                            00000001
TMR2IF                            00000001
TMR2ON                            00000002
TOUTPS0                           00000003
TOUTPS1                           00000004
TOUTPS2                           00000005
TOUTPS3                           00000006
TRISA                             00000085
TRISA0                            00000000
TRISA1                            00000001
TRISA2                            00000002
TRISA3                            00000003
TRISA4                            00000004
TRISA5                            00000005
TRISA6                            00000006
TRISA7                            00000007
TRISB                             00000086
TRISB0                            00000000
TRISB1                            00000001
TRISB2                            00000002
TRISB3                            00000003
TRISB4                            00000004
TRISB5                            00000005
MPASM  5.44                    PRACTICA_7.ASM   11-6-2023  14:14:44         PAGE 13


SYMBOL TABLE
  LABEL                             VALUE 

TRISB6                            00000006
TRISB7                            00000007
TRISC                             00000087
TRISC0                            00000000
TRISC1                            00000001
TRISC2                            00000002
TRISC3                            00000003
TRISC4                            00000004
TRISC5                            00000005
TRISC6                            00000006
TRISC7                            00000007
TRISD                             00000088
TRISD0                            00000000
TRISD1                            00000001
TRISD2                            00000002
TRISD3                            00000003
TRISD4                            00000004
TRISD5                            00000005
TRISD6                            00000006
TRISD7                            00000007
TRISE                             00000089
TRISE0                            00000000
TRISE1                            00000001
TRISE2                            00000002
TRISE3                            00000003
TRMT                              00000001
TUN0                              00000000
TUN1                              00000001
TUN2                              00000002
TUN3                              00000003
TUN4                              00000004
TX8_9                             00000006
TX9                               00000006
TX9D                              00000000
TXD8                              00000000
TXEN                              00000005
TXIE                              00000004
TXIF                              00000004
TXREG                             00000019
TXSTA                             00000098
UA                                00000001
ULPWUE                            00000005
ULPWUIE                           00000002
ULPWUIF                           00000002
VCFG0                             00000004
VCFG1                             00000005
VR0                               00000000
VR1                               00000001
VR2                               00000002
VR3                               00000003
VRCON                             00000097
VREN                              00000007
VROE                              00000006
MPASM  5.44                    PRACTICA_7.ASM   11-6-2023  14:14:44         PAGE 14


SYMBOL TABLE
  LABEL                             VALUE 

VRR                               00000005
VRSS                              00000004
W                                 00000000
WCOL                              00000007
WDTCON                            00000105
WDTPS0                            00000001
WDTPS1                            00000002
WDTPS2                            00000003
WDTPS3                            00000004
WPUB                              00000095
WPUB0                             00000000
WPUB1                             00000001
WPUB2                             00000002
WPUB3                             00000003
WPUB4                             00000004
WPUB5                             00000005
WPUB6                             00000006
WPUB7                             00000007
WR                                00000001
WREN                              00000002
WRERR                             00000003
WUE                               00000001
Z                                 00000002
_BOR21V                           00003EFF
_BOR40V                           00003FFF
_BOR4V_BOR21V                     00003EFF
_BOR4V_BOR40V                     00003FFF
_BOREN_NSLEEP                     00003EFF
_BOREN_OFF                        00003CFF
_BOREN_ON                         00003FFF
_BOREN_SBODEN                     00003DFF
_BOR_NSLEEP                       00003EFF
_BOR_OFF                          00003CFF
_BOR_ON                           00003FFF
_BOR_SBODEN                       00003DFF
_CONFIG1                          00002007
_CONFIG2                          00002008
_CPD_OFF                          00003FFF
_CPD_ON                           00003F7F
_CP_OFF                           00003FFF
_CP_ON                            00003FBF
_DEBUG_OFF                        00003FFF
_DEBUG_ON                         00001FFF
_DEVID1                           00002006
_EC_OSC                           00003FFB
_EXTRC                            00003FFF
_EXTRCIO                          00003FFE
_EXTRC_OSC_CLKOUT                 00003FFF
_EXTRC_OSC_NOCLKOUT               00003FFE
_FCMEN_OFF                        000037FF
_FCMEN_ON                         00003FFF
_FOSC_EC                          00003FFB
_FOSC_EXTRC_CLKOUT                00003FFF
MPASM  5.44                    PRACTICA_7.ASM   11-6-2023  14:14:44         PAGE 15


SYMBOL TABLE
  LABEL                             VALUE 

_FOSC_EXTRC_NOCLKOUT              00003FFE
_FOSC_HS                          00003FFA
_FOSC_INTRC_CLKOUT                00003FFD
_FOSC_INTRC_NOCLKOUT              00003FFC
_FOSC_LP                          00003FF8
_FOSC_XT                          00003FF9
_HS_OSC                           00003FFA
_IDLOC0                           00002000
_IDLOC1                           00002001
_IDLOC2                           00002002
_IDLOC3                           00002003
_IESO_OFF                         00003BFF
_IESO_ON                          00003FFF
_INTOSC                           00003FFD
_INTOSCIO                         00003FFC
_INTRC_OSC_CLKOUT                 00003FFD
_INTRC_OSC_NOCLKOUT               00003FFC
_LP_OSC                           00003FF8
_LVP_OFF                          00002FFF
_LVP_ON                           00003FFF
_MCLRE_OFF                        00003FDF
_MCLRE_ON                         00003FFF
_PWRTE_OFF                        00003FFF
_PWRTE_ON                         00003FEF
_WDTE_OFF                         00003FF7
_WDTE_ON                          00003FFF
_WDT_OFF                          00003FF7
_WDT_ON                           00003FFF
_WRT_1FOURTH                      00003BFF
_WRT_256                          00003DFF
_WRT_HALF                         000039FF
_WRT_OFF                          00003FFF
_XT_OSC                           00003FF9
__16F887                          00000001
__DEBUG                           1


MEMORY USAGE MAP ('X' = Used,  '-' = Unused)

0000 : XXXXXXXXXXXXXXXX XXXXXXXXXXXXXXXX XXXXXXXXXXXXXXXX XXXXXXXXXXXXXXXX
0040 : XXXXXXXXXXXXXXXX XXXXXXXXXXXXXXXX XXXXXXXXXXXXXXXX XXXXXXXXXXXXXXXX
0080 : XXXXXXXXXXXXXXXX XXXXXXXXXX------ ---------------- ----------------

All other memory blocks unused.

Program Memory Words Used:   154
Program Memory Words Free:  8038


MPASM  5.44                    PRACTICA_7.ASM   11-6-2023  14:14:44         PAGE 16





Errors   :     0
Warnings :     0 reported,     0 suppressed
Messages :     2 reported,     0 suppressed

