MPLINK 4.42, Linker
Linker Map File - Created Mon Oct 09 15:49:34 2023

                                 Section Info
                  Section       Type    Address   Location Size(Bytes)
                ---------  ---------  ---------  ---------  ---------
                   .org_0       code   0x000000    program   0x000000
                   .org_1       code   0x000000    program   0x000020



                              Program Memory Usage 
                               Start         End      
                           ---------   ---------      
                            0x000000    0x00000f      
            16 out of 8455 program addresses used, program memory utilization is 0%



                              Symbols - Sorted by Name
                     Name    Address   Location    Storage File                     
                ---------  ---------  ---------  --------- ---------                
                    CICLO   0x000008    program     static C:\Users\Nacho Andrade\Desktop\Ingeniería en electrónica y computación\6to_semestre\Microcontroladores\PRACTICA_3\PRACTICA_3.ASM
                   INICIO   0x000001    program     static C:\Users\Nacho Andrade\Desktop\Ingeniería en electrónica y computación\6to_semestre\Microcontroladores\PRACTICA_3\PRACTICA_3.ASM
                     SUMA   0x00000b    program     static C:\Users\Nacho Andrade\Desktop\Ingeniería en electrónica y computación\6to_semestre\Microcontroladores\PRACTICA_3\PRACTICA_3.ASM



                              Symbols - Sorted by Address
                     Name    Address   Location    Storage File                     
                ---------  ---------  ---------  --------- ---------                
                   INICIO   0x000001    program     static C:\Users\Nacho Andrade\Desktop\Ingeniería en electrónica y computación\6to_semestre\Microcontroladores\PRACTICA_3\PRACTICA_3.ASM
                    CICLO   0x000008    program     static C:\Users\Nacho Andrade\Desktop\Ingeniería en electrónica y computación\6to_semestre\Microcontroladores\PRACTICA_3\PRACTICA_3.ASM
                     SUMA   0x00000b    program     static C:\Users\Nacho Andrade\Desktop\Ingeniería en electrónica y computación\6to_semestre\Microcontroladores\PRACTICA_3\PRACTICA_3.ASM


